// Jest Snapshot v1, https://jestjs.io/docs/snapshot-testing

exports[`ExperienceItem component should render correctly 1`] = `
<div>
  <div
    class="w-auto"
  >
    <p
      class="uppercase text-sm text-ring mb-1.5"
    >
      Check out
    </p>
    <p
      aria-pressed="false"
      class="inline-flex items-center justify-center gap-2 text-md font-medium disabled:pointer-events-none disabled:opacity-50 data-[state=on]:text-accent-foreground [&_svg]:pointer-events-none [&_svg:not([class*='size-'])]:size-4 [&_svg]:shrink-0 outline-none transition-[color,box-shadow] aria-invalid:ring-destructive/20 dark:aria-invalid:ring-destructive/40 aria-invalid:border-destructive whitespace-nowrap cursor-pointer border-b-1 border-transparent p-0 pb-.5 bg-transparent pr-8 hover:text-accent-foreground hover:bg-transparent hover:border-accent-foreground data-[state=on]:bg-transparent data-[state=on]:border-accent-foreground rounded-none h-auto min-w-9 capitalize"
      data-slot="toggle"
      data-state="off"
      type="button"
    >
      Top Camping Sites
    </p>
  </div>
</div>
`;

exports[`ExperienceItem component should render with only title 1`] = `
<div>
  <div
    class="w-auto"
  >
    <p
      aria-pressed="false"
      class="inline-flex items-center justify-center gap-2 text-md font-medium disabled:pointer-events-none disabled:opacity-50 data-[state=on]:text-accent-foreground [&_svg]:pointer-events-none [&_svg:not([class*='size-'])]:size-4 [&_svg]:shrink-0 outline-none transition-[color,box-shadow] aria-invalid:ring-destructive/20 dark:aria-invalid:ring-destructive/40 aria-invalid:border-destructive whitespace-nowrap cursor-pointer border-b-1 border-transparent p-0 pb-.5 bg-transparent pr-8 hover:text-accent-foreground hover:bg-transparent hover:border-accent-foreground data-[state=on]:bg-transparent data-[state=on]:border-accent-foreground rounded-none h-auto min-w-9 capitalize"
      data-slot="toggle"
      data-state="off"
      type="button"
    >
      Top Camping Sites
    </p>
  </div>
</div>
`;
