// Jest Snapshot v1, https://jestjs.io/docs/snapshot-testing

exports[`ThemeToggle renders MoonIcon when theme is dark 1`] = `
<div>
  <div>
    <div
      class="hidden md:block"
    >
      <div>
        <div>
          <button
            class="bg-transparent border-primary"
            variant="outline"
          >
            <span>
              🌙
            </span>
          </button>
        </div>
        <div>
          <div
            role="menuitem"
          >
            Light
          </div>
          <div
            role="menuitem"
          >
            Dark
          </div>
          <div
            role="menuitem"
          >
            System
          </div>
        </div>
      </div>
    </div>
    <div
      class="md:hidden px-5"
    >
      <button
        class="bg-transparent size-10 border-primary"
        variant="outline"
      >
        <span>
          🌙
        </span>
      </button>
    </div>
  </div>
</div>
`;

exports[`ThemeToggle renders MoonIcon when theme is system 1`] = `
<div>
  <div>
    <div
      class="hidden md:block"
    >
      <div>
        <div>
          <button
            class="bg-transparent border-primary"
            variant="outline"
          >
            <span>
              🌙
            </span>
          </button>
        </div>
        <div>
          <div
            role="menuitem"
          >
            Light
          </div>
          <div
            role="menuitem"
          >
            Dark
          </div>
          <div
            role="menuitem"
          >
            System
          </div>
        </div>
      </div>
    </div>
    <div
      class="md:hidden px-5"
    >
      <button
        class="bg-transparent size-10 border-primary"
        variant="outline"
      >
        <span>
          🌙
        </span>
      </button>
    </div>
  </div>
</div>
`;

exports[`ThemeToggle renders SunIcon when theme is light 1`] = `
<div>
  <div>
    <div
      class="hidden md:block"
    >
      <div>
        <div>
          <button
            class="bg-transparent border-primary"
            variant="outline"
          >
            <span>
              ☀️
            </span>
          </button>
        </div>
        <div>
          <div
            role="menuitem"
          >
            Light
          </div>
          <div
            role="menuitem"
          >
            Dark
          </div>
          <div
            role="menuitem"
          >
            System
          </div>
        </div>
      </div>
    </div>
    <div
      class="md:hidden px-5"
    >
      <button
        class="bg-transparent size-10 border-primary"
        variant="outline"
      >
        <span>
          ☀️
        </span>
      </button>
    </div>
  </div>
</div>
`;

exports[`ThemeToggle renders SunIcon when theme is light default 1`] = `
<div>
  <div>
    <div
      class="hidden md:block"
    >
      <div>
        <div>
          <button
            class="bg-transparent border-primary"
            variant="outline"
          >
            <span>
              ☀️
            </span>
          </button>
        </div>
        <div>
          <div
            role="menuitem"
          >
            Light
          </div>
          <div
            role="menuitem"
          >
            Dark
          </div>
          <div
            role="menuitem"
          >
            System
          </div>
        </div>
      </div>
    </div>
    <div
      class="md:hidden px-5"
    >
      <button
        class="bg-transparent size-10 border-primary"
        variant="outline"
      >
        <span>
          ☀️
        </span>
      </button>
    </div>
  </div>
</div>
`;
