// Jest Snapshot v1, https://jestjs.io/docs/snapshot-testing

exports[`AboutSection component should render correctly 1`] = `
<div>
  <section
    class="container mx-auto mt-24 px-5"
  >
    <h6
      class="text-sm font-bold text-ring mb-5"
    >
      ABOUT US
    </h6>
    <h2
      class="text-3xl md:text-4xl lg:text-[70px] lg:leading-[80px]"
    >
      A Guide To Rocky Mountain 
      <br />
      Vacations
    </h2>
    <div
      class="flex justify-between flex-wrap gap-5 mt-15"
    >
      <div
        class="flex flex-start gap-5 md:gap-0 md:flex-col w-full md:flex-1"
      >
        <div
          class="w-1/2 md:w-full h-38"
        >
          <p
            class="text-sm line-clamp-4"
          >
            Because the rock was laid down in layers, there is a variation in the hardness of the rock formed. When water runoff trickles across the rock, some areas erode rapidly whereas others hold firm. This variation in erosion speed causes the formation of pinnacles, or “hoodoos” of stable rock.
          </p>
        </div>
        <div
          class="relative w-1/2 md:w-full h-auto aspect-square"
        >
          <img
            alt=""
            class="object-cover h-full w-full transform transition-transform duration-300 ease-in-out group-hover:scale-105"
            data-nimg="fill"
            decoding="async"
            loading="lazy"
            sizes="100vw"
            src="/_next/image?url=https%3A%2F%2Fi.ibb.co%2FKcPCsYQL%2FRectangle-3.png&w=3840&q=75"
            srcset="/_next/image?url=https%3A%2F%2Fi.ibb.co%2FKcPCsYQL%2FRectangle-3.png&w=640&q=75 640w, /_next/image?url=https%3A%2F%2Fi.ibb.co%2FKcPCsYQL%2FRectangle-3.png&w=750&q=75 750w, /_next/image?url=https%3A%2F%2Fi.ibb.co%2FKcPCsYQL%2FRectangle-3.png&w=828&q=75 828w, /_next/image?url=https%3A%2F%2Fi.ibb.co%2FKcPCsYQL%2FRectangle-3.png&w=1080&q=75 1080w, /_next/image?url=https%3A%2F%2Fi.ibb.co%2FKcPCsYQL%2FRectangle-3.png&w=1200&q=75 1200w, /_next/image?url=https%3A%2F%2Fi.ibb.co%2FKcPCsYQL%2FRectangle-3.png&w=1920&q=75 1920w, /_next/image?url=https%3A%2F%2Fi.ibb.co%2FKcPCsYQL%2FRectangle-3.png&w=2048&q=75 2048w, /_next/image?url=https%3A%2F%2Fi.ibb.co%2FKcPCsYQL%2FRectangle-3.png&w=3840&q=75 3840w"
            style="position: absolute; height: 100%; width: 100%; left: 0px; top: 0px; right: 0px; bottom: 0px; color: transparent; background-size: cover; background-position: 50% 50%; background-repeat: no-repeat;"
          />
          <button
            class="inline-flex items-center justify-center gap-2 whitespace-nowrap text-sm font-semibold transition-all disabled:pointer-events-none disabled:opacity-50 [&_svg]:pointer-events-none [&_svg:not([class*='size-'])]:size-4 shrink-0 [&_svg]:shrink-0 outline-none focus-visible:border-ring focus-visible:ring-ring/50 focus-visible:ring-[3px] aria-invalid:ring-destructive/20 dark:aria-invalid:ring-destructive/40 aria-invalid:border-destructive cursor-pointer hover:bg-accent hover:text-accent-foreground dark:hover:bg-accent/50 px-4 py-2 has-[>svg]:px-3 md:gap-6 absolute bottom-0 right-0 text-sx md:text-sm h-12 md:h-15 md:w-57 bg-background rounded-none"
            data-slot="button"
            data-testid="readMore"
          >
            Read More
            <svg
              fill="none"
              height="6"
              viewBox="0 0 20 6"
              width="20"
            >
              <path
                d="M19.6508 2.31454L16.6308 0.154296C16.0836 -0.237068 15.3273 0.161455 15.3273 0.840035V2.16128H0.826947C0.370282 2.16128 0 2.53693 0 3.00034C0 3.46374 0.370282 3.83933 0.826947 3.83933H15.3272V5.16052C15.3272 5.84358 16.0875 6.23466 16.6306 5.84626L19.6506 3.68602C20.1118 3.35635 20.1211 2.65171 19.6508 2.31454Z"
                fill="currentColor"
              />
            </svg>
          </button>
        </div>
      </div>
      <div
        class="flex flex-start gap-5 md:gap-0 md:flex-col w-full md:flex-1"
      >
        <div
          class="w-1/2 md:w-full h-38"
        >
          <p
            class="text-sm line-clamp-4"
          >
            In some places the water seeps down through cracks & eats out holes beneath the surface. When the side rock erodes away, an archway is left behind. Eventually the arch collapses, leaving one more pillars to join the rest. The ever changing vista of colors, spires, walls & archways is spectacular at any season, & the park is open all year round.
          </p>
        </div>
        <div
          class="relative w-1/2 md:w-full h-auto aspect-square"
        >
          <img
            alt=""
            class="object-cover h-full w-full transform transition-transform duration-300 ease-in-out group-hover:scale-105"
            data-nimg="fill"
            decoding="async"
            loading="lazy"
            sizes="100vw"
            src="/_next/image?url=https%3A%2F%2Fi.ibb.co%2FMFjB1W7%2FRectangle-Copy-2.png&w=3840&q=75"
            srcset="/_next/image?url=https%3A%2F%2Fi.ibb.co%2FMFjB1W7%2FRectangle-Copy-2.png&w=640&q=75 640w, /_next/image?url=https%3A%2F%2Fi.ibb.co%2FMFjB1W7%2FRectangle-Copy-2.png&w=750&q=75 750w, /_next/image?url=https%3A%2F%2Fi.ibb.co%2FMFjB1W7%2FRectangle-Copy-2.png&w=828&q=75 828w, /_next/image?url=https%3A%2F%2Fi.ibb.co%2FMFjB1W7%2FRectangle-Copy-2.png&w=1080&q=75 1080w, /_next/image?url=https%3A%2F%2Fi.ibb.co%2FMFjB1W7%2FRectangle-Copy-2.png&w=1200&q=75 1200w, /_next/image?url=https%3A%2F%2Fi.ibb.co%2FMFjB1W7%2FRectangle-Copy-2.png&w=1920&q=75 1920w, /_next/image?url=https%3A%2F%2Fi.ibb.co%2FMFjB1W7%2FRectangle-Copy-2.png&w=2048&q=75 2048w, /_next/image?url=https%3A%2F%2Fi.ibb.co%2FMFjB1W7%2FRectangle-Copy-2.png&w=3840&q=75 3840w"
            style="position: absolute; height: 100%; width: 100%; left: 0px; top: 0px; right: 0px; bottom: 0px; color: transparent; background-size: cover; background-position: 50% 50%; background-repeat: no-repeat;"
          />
        </div>
      </div>
    </div>
  </section>
</div>
`;
