// Jest Snapshot v1, https://jestjs.io/docs/snapshot-testing

exports[`Button component should render correctly 1`] = `
<div>
  <button
    class="inline-flex items-center justify-center gap-2 whitespace-nowrap rounded-sm text-sm font-semibold transition-all disabled:pointer-events-none disabled:opacity-50 [&_svg]:pointer-events-none [&_svg:not([class*='size-'])]:size-4 shrink-0 [&_svg]:shrink-0 outline-none focus-visible:border-ring focus-visible:ring-ring/50 aria-invalid:ring-destructive/20 dark:aria-invalid:ring-destructive/40 aria-invalid:border-destructive cursor-pointer bg-primary text-primary-foreground dark:text-current shadow-xs hover:bg-primary/85 h-12.5 px-4 py-2 has-[>svg]:px-3"
    data-slot="button"
  >
    Default
  </button>
</div>
`;

exports[`Button component should render correctly with asChild true 1`] = `<div />`;

exports[`Button component should render correctly with size sm 1`] = `
<div>
  <button
    class="inline-flex items-center justify-center whitespace-nowrap rounded-sm text-sm font-semibold transition-all disabled:pointer-events-none disabled:opacity-50 [&_svg]:pointer-events-none [&_svg:not([class*='size-'])]:size-4 shrink-0 [&_svg]:shrink-0 outline-none focus-visible:border-ring focus-visible:ring-ring/50 aria-invalid:ring-destructive/20 dark:aria-invalid:ring-destructive/40 aria-invalid:border-destructive cursor-pointer bg-primary text-primary-foreground dark:text-current shadow-xs hover:bg-primary/85 h-10 gap-1.5 px-6.5 has-[>svg]:px-6.5"
    data-slot="button"
  >
    Default
  </button>
</div>
`;

exports[`Button component should render correctly with variant destructive 1`] = `
<div>
  <button
    class="inline-flex items-center justify-center gap-2 whitespace-nowrap rounded-sm text-sm font-semibold transition-all disabled:pointer-events-none disabled:opacity-50 [&_svg]:pointer-events-none [&_svg:not([class*='size-'])]:size-4 shrink-0 [&_svg]:shrink-0 outline-none focus-visible:border-ring aria-invalid:ring-destructive/20 dark:aria-invalid:ring-destructive/40 aria-invalid:border-destructive cursor-pointer bg-destructive text-white shadow-xs hover:bg-destructive/90 focus-visible:ring-destructive/20 dark:focus-visible:ring-destructive/40 dark:bg-destructive/60 h-12.5 px-4 py-2 has-[>svg]:px-3"
    data-slot="button"
  >
    Default
  </button>
</div>
`;

exports[`Button component should render correctly with variant ghost 1`] = `
<div>
  <button
    class="inline-flex items-center justify-center gap-2 whitespace-nowrap rounded-sm text-sm font-semibold transition-all disabled:pointer-events-none disabled:opacity-50 [&_svg]:pointer-events-none [&_svg:not([class*='size-'])]:size-4 shrink-0 [&_svg]:shrink-0 outline-none focus-visible:border-ring focus-visible:ring-ring/50 aria-invalid:ring-destructive/20 dark:aria-invalid:ring-destructive/40 aria-invalid:border-destructive cursor-pointer hover:bg-accent hover:text-accent-foreground dark:hover:bg-accent/50 h-12.5 px-4 py-2 has-[>svg]:px-3"
    data-slot="button"
  >
    Default
  </button>
</div>
`;

exports[`Button component should render correctly with variant link 1`] = `
<div>
  <button
    class="inline-flex items-center justify-center gap-2 whitespace-nowrap rounded-sm text-sm font-semibold transition-all disabled:pointer-events-none disabled:opacity-50 [&_svg]:pointer-events-none [&_svg:not([class*='size-'])]:size-4 shrink-0 [&_svg]:shrink-0 outline-none focus-visible:border-ring focus-visible:ring-ring/50 aria-invalid:ring-destructive/20 dark:aria-invalid:ring-destructive/40 aria-invalid:border-destructive cursor-pointer text-primary underline-offset-4 hover:underline h-12.5 px-4 py-2 has-[>svg]:px-3"
    data-slot="button"
  >
    Default
  </button>
</div>
`;

exports[`Button component should render correctly with variant outline 1`] = `
<div>
  <button
    class="inline-flex items-center justify-center gap-2 whitespace-nowrap rounded-sm text-sm font-semibold transition-all disabled:pointer-events-none disabled:opacity-50 [&_svg]:pointer-events-none [&_svg:not([class*='size-'])]:size-4 shrink-0 [&_svg]:shrink-0 outline-none focus-visible:border-ring focus-visible:ring-ring/50 aria-invalid:ring-destructive/20 dark:aria-invalid:ring-destructive/40 aria-invalid:border-destructive cursor-pointer border bg-background shadow-xs border-primary text-accent-foreground hover:bg-accent hover:text-accent-foreground dark:bg-input/30 dark:border-input dark:hover:bg-input/50 h-12.5 px-4 py-2 has-[>svg]:px-3"
    data-slot="button"
  >
    Default
  </button>
</div>
`;

exports[`Button component should render correctly with variant secondary 1`] = `
<div>
  <button
    class="inline-flex items-center justify-center gap-2 whitespace-nowrap rounded-sm text-sm font-semibold transition-all disabled:pointer-events-none disabled:opacity-50 [&_svg]:pointer-events-none [&_svg:not([class*='size-'])]:size-4 shrink-0 [&_svg]:shrink-0 outline-none focus-visible:border-ring focus-visible:ring-ring/50 aria-invalid:ring-destructive/20 dark:aria-invalid:ring-destructive/40 aria-invalid:border-destructive cursor-pointer bg-secondary text-secondary-foreground shadow-xs hover:text-primary hover:bg-secondary/90 h-12.5 px-4 py-2 has-[>svg]:px-3"
    data-slot="button"
  >
    Default
  </button>
</div>
`;
