// Jest Snapshot v1, https://jestjs.io/docs/snapshot-testing

exports[`Button component should render correctly 1`] = `
<div>
  <button
    class="inline-flex items-center justify-center gap-2 whitespace-nowrap rounded-sm text-sm font-medium transition-all disabled:pointer-events-none disabled:opacity-50 [&_svg]:pointer-events-none [&_svg:not([class*='size-'])]:size-4 shrink-0 [&_svg]:shrink-0 outline-none focus-visible:border-ring focus-visible:ring-ring/50 focus-visible:ring-[3px] aria-invalid:ring-destructive/20 dark:aria-invalid:ring-destructive/40 aria-invalid:border-destructive cursor-pointer bg-primary text-primary-foreground dark:text-current shadow-xs hover:bg-primary/90 h-12.5 px-4 py-2 has-[>svg]:px-3"
    data-slot="button"
  >
    Default
  </button>
</div>
`;
