// Jest Snapshot v1, https://jestjs.io/docs/snapshot-testing

exports[`Heading component renders with h2 1`] = `
<div>
  <h2
    class="text-3xl md:text-4xl lg:text-[70px] lg:leading-[95px] font-secondary"
  >
    Heading 2
  </h2>
</div>
`;

exports[`Heading component renders with h3 1`] = `
<div>
  <h3
    class="text-2xl md:text-3xl lg:text-[60px] font-secondary"
  >
    Heading 3
  </h3>
</div>
`;

exports[`Heading component renders with h4 1`] = `
<div>
  <h4
    class="text-xl md:text-2xl lg:text-[50px] leading-[55px] font-secondary"
  >
    Heading 4
  </h4>
</div>
`;

exports[`Heading component renders with h5 1`] = `
<div>
  <h5
    class="text-lg font-secondary"
  >
    Heading 5
  </h5>
</div>
`;

exports[`Heading component renders with h6 1`] = `
<div>
  <h6
    class="text-sm font-secondary"
  >
    Heading 6
  </h6>
</div>
`;

exports[`Heading component should render correctly 1`] = `
<div>
  <h1
    class="text-4xl md:text-5xl lg:text-[80px] lg:leading-[95px] font-secondary"
  >
    Heading
  </h1>
</div>
`;
