// Jest Snapshot v1, https://jestjs.io/docs/snapshot-testing

exports[`UserDropdown component should render correctly 1`] = `
<div>
  <div
    class="hidden md:block"
  >
    <div
      aria-expanded="false"
      aria-haspopup="menu"
      class="cursor-pointer flex items-center gap-3.5 w-fit"
      data-slot="dropdown-menu-trigger"
      data-state="closed"
      data-testid="btn-dropdown"
      id="radix-«r0»"
      type="button"
    >
      <span
        class="relative flex shrink-0 rounded-full size-10"
        data-slot="avatar"
      >
        <span
          class="bg-muted flex size-full items-center justify-center rounded-full"
          data-slot="avatar-fallback"
        >
          JD
        </span>
        <div
          class="absolute top-1 right-0 z-2 w-2.75 h-2.75 bg-white flex flex-col items-center justify-center rounded-full"
        >
          <div
            class="w-2.25 h-2.25 bg-error rounded-full"
          />
        </div>
      </span>
      <svg
        fill="none"
        height="9"
        style="transform: rotate(0deg);"
        viewBox="0 0  17 9"
        width="17"
        xmlns="http://www.w3.org/2000/svg"
      >
        <path
          d="M16.8261 0.173913C16.5918 -0.057971 16.211 -0.057971 15.9767 0.173913L8.50822 7.57971L1.02509 0.173913C0.790781 -0.057971 0.410035 -0.057971 0.175729 0.173913C-0.0585764 0.405797 -0.0585764 0.782609 0.175729 1.01449L8.06889 8.82609C8.18605 8.94203 8.33249 9 8.49357 9C8.64001 9 8.8011 8.94203 8.91825 8.82609L16.8114 1.01449C17.0604 0.782609 17.0604 0.405797 16.8261 0.173913Z"
          fill="currentColor"
        />
      </svg>
    </div>
  </div>
  <div
    class="md:hidden"
  >
    <div
      class="flex flex-col items-start gap-2"
    >
      <button
        class="inline-flex gap-2 whitespace-nowrap rounded-sm text-sm transition-all disabled:pointer-events-none disabled:opacity-50 [&_svg]:pointer-events-none [&_svg:not([class*='size-'])]:size-4 shrink-0 [&_svg]:shrink-0 outline-none focus-visible:border-ring focus-visible:ring-ring/50 aria-invalid:ring-destructive/20 dark:aria-invalid:ring-destructive/40 aria-invalid:border-destructive cursor-pointer hover:bg-accent dark:hover:bg-accent/50 has-[>svg]:px-3 items-start justify-start px-5 py-2 h-fit w-full font-bold text-current hover:no-underline hover:text-primary"
        data-slot="button"
        data-testid="menu-item"
      >
        Profile
      </button>
      <button
        class="inline-flex gap-2 whitespace-nowrap rounded-sm text-sm transition-all disabled:pointer-events-none disabled:opacity-50 [&_svg]:pointer-events-none [&_svg:not([class*='size-'])]:size-4 shrink-0 [&_svg]:shrink-0 outline-none focus-visible:border-ring focus-visible:ring-ring/50 aria-invalid:ring-destructive/20 dark:aria-invalid:ring-destructive/40 aria-invalid:border-destructive cursor-pointer hover:bg-accent dark:hover:bg-accent/50 has-[>svg]:px-3 items-start justify-start px-5 py-2 h-fit w-full font-bold text-current hover:no-underline hover:text-primary"
        data-slot="button"
        data-testid="menu-item"
      >
        Favorites
      </button>
      <button
        class="inline-flex gap-2 whitespace-nowrap rounded-sm text-sm transition-all disabled:pointer-events-none disabled:opacity-50 [&_svg]:pointer-events-none [&_svg:not([class*='size-'])]:size-4 shrink-0 [&_svg]:shrink-0 outline-none focus-visible:border-ring focus-visible:ring-ring/50 aria-invalid:ring-destructive/20 dark:aria-invalid:ring-destructive/40 aria-invalid:border-destructive cursor-pointer hover:bg-accent dark:hover:bg-accent/50 has-[>svg]:px-3 items-start justify-start px-5 py-2 h-fit w-full font-bold text-current hover:no-underline hover:text-primary"
        data-slot="button"
        data-testid="menu-item"
      >
        Notifications
      </button>
      <button
        class="inline-flex gap-2 whitespace-nowrap rounded-sm text-sm transition-all disabled:pointer-events-none disabled:opacity-50 [&_svg]:pointer-events-none [&_svg:not([class*='size-'])]:size-4 shrink-0 [&_svg]:shrink-0 outline-none focus-visible:border-ring focus-visible:ring-ring/50 aria-invalid:ring-destructive/20 dark:aria-invalid:ring-destructive/40 aria-invalid:border-destructive cursor-pointer hover:bg-accent dark:hover:bg-accent/50 has-[>svg]:px-3 items-start justify-start px-5 py-2 h-fit w-full font-bold text-current hover:no-underline hover:text-primary"
        data-slot="button"
        data-testid="menu-item"
      >
        My Reservations
      </button>
      <button
        class="inline-flex gap-2 whitespace-nowrap rounded-sm text-sm transition-all disabled:pointer-events-none disabled:opacity-50 [&_svg]:pointer-events-none [&_svg:not([class*='size-'])]:size-4 shrink-0 [&_svg]:shrink-0 outline-none focus-visible:border-ring focus-visible:ring-ring/50 aria-invalid:ring-destructive/20 dark:aria-invalid:ring-destructive/40 aria-invalid:border-destructive cursor-pointer hover:bg-accent dark:hover:bg-accent/50 has-[>svg]:px-3 items-start justify-start px-5 py-2 h-fit w-full font-bold text-current hover:no-underline hover:text-primary"
        data-slot="button"
        data-testid="menu-item"
      >
        Sign out
      </button>
    </div>
  </div>
</div>
`;

exports[`UserDropdown component should render with default values when user is null 1`] = `
<div>
  <div
    class="hidden md:block"
  >
    <div
      aria-expanded="false"
      aria-haspopup="menu"
      class="cursor-pointer flex items-center gap-3.5 w-fit"
      data-slot="dropdown-menu-trigger"
      data-state="closed"
      data-testid="btn-dropdown"
      id="radix-«rf»"
      type="button"
    >
      <span
        class="relative flex shrink-0 rounded-full size-10"
        data-slot="avatar"
      >
        <span
          class="bg-muted flex size-full items-center justify-center rounded-full"
          data-slot="avatar-fallback"
        >
          JD
        </span>
        <div
          class="absolute top-1 right-0 z-2 w-2.75 h-2.75 bg-white flex flex-col items-center justify-center rounded-full"
        >
          <div
            class="w-2.25 h-2.25 bg-error rounded-full"
          />
        </div>
      </span>
      <svg
        fill="none"
        height="9"
        style="transform: rotate(0deg);"
        viewBox="0 0  17 9"
        width="17"
        xmlns="http://www.w3.org/2000/svg"
      >
        <path
          d="M16.8261 0.173913C16.5918 -0.057971 16.211 -0.057971 15.9767 0.173913L8.50822 7.57971L1.02509 0.173913C0.790781 -0.057971 0.410035 -0.057971 0.175729 0.173913C-0.0585764 0.405797 -0.0585764 0.782609 0.175729 1.01449L8.06889 8.82609C8.18605 8.94203 8.33249 9 8.49357 9C8.64001 9 8.8011 8.94203 8.91825 8.82609L16.8114 1.01449C17.0604 0.782609 17.0604 0.405797 16.8261 0.173913Z"
          fill="currentColor"
        />
      </svg>
    </div>
  </div>
  <div
    class="md:hidden"
  >
    <div
      class="flex flex-col items-start gap-2"
    >
      <button
        class="inline-flex gap-2 whitespace-nowrap rounded-sm text-sm transition-all disabled:pointer-events-none disabled:opacity-50 [&_svg]:pointer-events-none [&_svg:not([class*='size-'])]:size-4 shrink-0 [&_svg]:shrink-0 outline-none focus-visible:border-ring focus-visible:ring-ring/50 aria-invalid:ring-destructive/20 dark:aria-invalid:ring-destructive/40 aria-invalid:border-destructive cursor-pointer hover:bg-accent dark:hover:bg-accent/50 has-[>svg]:px-3 items-start justify-start px-5 py-2 h-fit w-full font-bold text-current hover:no-underline hover:text-primary"
        data-slot="button"
        data-testid="menu-item"
      >
        Profile
      </button>
      <button
        class="inline-flex gap-2 whitespace-nowrap rounded-sm text-sm transition-all disabled:pointer-events-none disabled:opacity-50 [&_svg]:pointer-events-none [&_svg:not([class*='size-'])]:size-4 shrink-0 [&_svg]:shrink-0 outline-none focus-visible:border-ring focus-visible:ring-ring/50 aria-invalid:ring-destructive/20 dark:aria-invalid:ring-destructive/40 aria-invalid:border-destructive cursor-pointer hover:bg-accent dark:hover:bg-accent/50 has-[>svg]:px-3 items-start justify-start px-5 py-2 h-fit w-full font-bold text-current hover:no-underline hover:text-primary"
        data-slot="button"
        data-testid="menu-item"
      >
        Favorites
      </button>
      <button
        class="inline-flex gap-2 whitespace-nowrap rounded-sm text-sm transition-all disabled:pointer-events-none disabled:opacity-50 [&_svg]:pointer-events-none [&_svg:not([class*='size-'])]:size-4 shrink-0 [&_svg]:shrink-0 outline-none focus-visible:border-ring focus-visible:ring-ring/50 aria-invalid:ring-destructive/20 dark:aria-invalid:ring-destructive/40 aria-invalid:border-destructive cursor-pointer hover:bg-accent dark:hover:bg-accent/50 has-[>svg]:px-3 items-start justify-start px-5 py-2 h-fit w-full font-bold text-current hover:no-underline hover:text-primary"
        data-slot="button"
        data-testid="menu-item"
      >
        Notifications
      </button>
      <button
        class="inline-flex gap-2 whitespace-nowrap rounded-sm text-sm transition-all disabled:pointer-events-none disabled:opacity-50 [&_svg]:pointer-events-none [&_svg:not([class*='size-'])]:size-4 shrink-0 [&_svg]:shrink-0 outline-none focus-visible:border-ring focus-visible:ring-ring/50 aria-invalid:ring-destructive/20 dark:aria-invalid:ring-destructive/40 aria-invalid:border-destructive cursor-pointer hover:bg-accent dark:hover:bg-accent/50 has-[>svg]:px-3 items-start justify-start px-5 py-2 h-fit w-full font-bold text-current hover:no-underline hover:text-primary"
        data-slot="button"
        data-testid="menu-item"
      >
        My Reservations
      </button>
      <button
        class="inline-flex gap-2 whitespace-nowrap rounded-sm text-sm transition-all disabled:pointer-events-none disabled:opacity-50 [&_svg]:pointer-events-none [&_svg:not([class*='size-'])]:size-4 shrink-0 [&_svg]:shrink-0 outline-none focus-visible:border-ring focus-visible:ring-ring/50 aria-invalid:ring-destructive/20 dark:aria-invalid:ring-destructive/40 aria-invalid:border-destructive cursor-pointer hover:bg-accent dark:hover:bg-accent/50 has-[>svg]:px-3 items-start justify-start px-5 py-2 h-fit w-full font-bold text-current hover:no-underline hover:text-primary"
        data-slot="button"
        data-testid="menu-item"
      >
        Sign out
      </button>
    </div>
  </div>
</div>
`;
