// Jest Snapshot v1, https://jestjs.io/docs/snapshot-testing

exports[`Experiences component should render correctly 1`] = `
<div>
  <div
    class="flex min-w-full items-center justify-between pr-3 lg:pr-10"
  >
    <div
      class="max-w-fit"
    >
      <h6
        class="text-sm uppercase font-bold text-xs text-center lg:text-left md:text-sm text-ring mb-1.5"
      >
        CHECK OUT
      </h6>
      <button
        class="inline-flex items-center justify-center gap-2 whitespace-nowrap font-semibold transition-all disabled:pointer-events-none disabled:opacity-50 [&_svg]:pointer-events-none [&_svg:not([class*='size-'])]:size-4 shrink-0 [&_svg]:shrink-0 outline-none focus-visible:border-ring focus-visible:ring-ring/50 focus-visible:ring-[3px] aria-invalid:ring-destructive/20 dark:aria-invalid:ring-destructive/40 aria-invalid:border-destructive cursor-pointer underline-offset-4 px-4 py-2 has-[>svg]:px-3 capitalize w-fit h-fit text-sm rounded-none text-current md:text-base text-center lg:text-left border-b-1 pt-0 pb-0 pl-0 pr-2 lg:pr-5 border-transparent hover:text-accent-foreground hover:border-accent-foreground hover:no-underline"
        data-slot="button"
      >
        Top Camping Sites
      </button>
    </div>
    <div
      class="bg-border shrink-0 data-[orientation=horizontal]:h-px data-[orientation=horizontal]:w-full data-[orientation=vertical]:h-full data-[orientation=vertical]:w-px rotate-20 max-h-12 lg:max-h-17.5"
      data-orientation="vertical"
      data-slot="separator"
      role="none"
    />
    <div
      class="max-w-fit"
    >
      <h6
        class="text-sm uppercase font-bold text-xs text-center lg:text-left md:text-sm text-ring mb-1.5"
      >
        CHECK OUT
      </h6>
      <button
        class="inline-flex items-center justify-center gap-2 whitespace-nowrap font-semibold transition-all disabled:pointer-events-none disabled:opacity-50 [&_svg]:pointer-events-none [&_svg:not([class*='size-'])]:size-4 shrink-0 [&_svg]:shrink-0 outline-none focus-visible:border-ring focus-visible:ring-ring/50 focus-visible:ring-[3px] aria-invalid:ring-destructive/20 dark:aria-invalid:ring-destructive/40 aria-invalid:border-destructive cursor-pointer underline-offset-4 px-4 py-2 has-[>svg]:px-3 capitalize w-fit h-fit text-sm rounded-none text-current md:text-base text-center lg:text-left border-b-1 pt-0 pb-0 pl-0 pr-2 lg:pr-5 border-transparent hover:text-accent-foreground hover:border-accent-foreground hover:no-underline"
        data-slot="button"
      >
        Top National Parks
      </button>
    </div>
    <div
      class="bg-border shrink-0 data-[orientation=horizontal]:h-px data-[orientation=horizontal]:w-full data-[orientation=vertical]:h-full data-[orientation=vertical]:w-px rotate-20 max-h-12 lg:max-h-17.5"
      data-orientation="vertical"
      data-slot="separator"
      role="none"
    />
    <div
      class="max-w-fit"
    >
      <h6
        class="text-sm uppercase font-bold text-xs text-center lg:text-left md:text-sm text-ring mb-1.5"
      >
        CHECK OUT
      </h6>
      <button
        class="inline-flex items-center justify-center gap-2 whitespace-nowrap font-semibold transition-all disabled:pointer-events-none disabled:opacity-50 [&_svg]:pointer-events-none [&_svg:not([class*='size-'])]:size-4 shrink-0 [&_svg]:shrink-0 outline-none focus-visible:border-ring focus-visible:ring-ring/50 focus-visible:ring-[3px] aria-invalid:ring-destructive/20 dark:aria-invalid:ring-destructive/40 aria-invalid:border-destructive cursor-pointer underline-offset-4 px-4 py-2 has-[>svg]:px-3 capitalize w-fit h-fit text-sm rounded-none text-current md:text-base text-center lg:text-left border-b-1 pt-0 pb-0 pl-0 pr-2 lg:pr-5 border-transparent hover:text-accent-foreground hover:border-accent-foreground hover:no-underline"
        data-slot="button"
      >
        Top Weekend Gate-aways
      </button>
    </div>
  </div>
</div>
`;

exports[`Experiences component should render with empty label 1`] = `
<div>
  <div
    class="flex min-w-full items-center justify-between pr-3 lg:pr-10"
  >
    <div
      class="max-w-fit"
    >
      <button
        class="inline-flex items-center justify-center gap-2 whitespace-nowrap font-semibold transition-all disabled:pointer-events-none disabled:opacity-50 [&_svg]:pointer-events-none [&_svg:not([class*='size-'])]:size-4 shrink-0 [&_svg]:shrink-0 outline-none focus-visible:border-ring focus-visible:ring-ring/50 focus-visible:ring-[3px] aria-invalid:ring-destructive/20 dark:aria-invalid:ring-destructive/40 aria-invalid:border-destructive cursor-pointer underline-offset-4 px-4 py-2 has-[>svg]:px-3 capitalize w-fit h-fit text-sm rounded-none text-current md:text-base text-center lg:text-left border-b-1 pt-0 pb-0 pl-0 pr-2 lg:pr-5 border-transparent hover:text-accent-foreground hover:border-accent-foreground hover:no-underline"
        data-slot="button"
      >
        Top Camping Sites
      </button>
    </div>
  </div>
</div>
`;
