// Jest Snapshot v1, https://jestjs.io/docs/snapshot-testing

exports[`StatisticsCard component should render correctly 1`] = `
<div>
  <div
    class="w-full"
  >
    <h6
      class="text-sm font-secondary font-primary mb-4"
    >
      Camping Locations
    </h6>
    <span
      class="mt-4 text-3xl lg:text-[70px] lg:leading-[65px] font-secondary"
    >
      68+
    </span>
  </div>
</div>
`;
