// Jest Snapshot v1, https://jestjs.io/docs/snapshot-testing

exports[`LocationTile component should render correctly 1`] = `
<div>
  <a
    href=""
  >
    <div
      class="text-card-foreground flex flex-col gap-6 hover:shadow-md w-full h-full relative cursor-pointer bg-muted overflow-hidden rounded-[3px] group p-0"
      data-slot="card"
    >
      <img
        alt="Nairobi"
        class="h-auto w-full object-cover rounded-[3px] transform transition-transform duration-300 ease-in-out group-hover:scale-105"
        data-nimg="fill"
        decoding="async"
        loading="lazy"
        sizes="(max-width: 768px) 100vw, (max-width: 1024px) 50vw, 33vw"
        src="/_next/image?url=https%3A%2F%2Fi.ibb.co%2FhxbHQJf8%2FRectangle.png&w=3840&q=75"
        srcset="/_next/image?url=https%3A%2F%2Fi.ibb.co%2FhxbHQJf8%2FRectangle.png&w=256&q=75 256w, /_next/image?url=https%3A%2F%2Fi.ibb.co%2FhxbHQJf8%2FRectangle.png&w=384&q=75 384w, /_next/image?url=https%3A%2F%2Fi.ibb.co%2FhxbHQJf8%2FRectangle.png&w=640&q=75 640w, /_next/image?url=https%3A%2F%2Fi.ibb.co%2FhxbHQJf8%2FRectangle.png&w=750&q=75 750w, /_next/image?url=https%3A%2F%2Fi.ibb.co%2FhxbHQJf8%2FRectangle.png&w=828&q=75 828w, /_next/image?url=https%3A%2F%2Fi.ibb.co%2FhxbHQJf8%2FRectangle.png&w=1080&q=75 1080w, /_next/image?url=https%3A%2F%2Fi.ibb.co%2FhxbHQJf8%2FRectangle.png&w=1200&q=75 1200w, /_next/image?url=https%3A%2F%2Fi.ibb.co%2FhxbHQJf8%2FRectangle.png&w=1920&q=75 1920w, /_next/image?url=https%3A%2F%2Fi.ibb.co%2FhxbHQJf8%2FRectangle.png&w=2048&q=75 2048w, /_next/image?url=https%3A%2F%2Fi.ibb.co%2FhxbHQJf8%2FRectangle.png&w=3840&q=75 3840w"
        style="position: absolute; height: 100%; width: 100%; left: 0px; top: 0px; right: 0px; bottom: 0px; color: transparent; background-size: cover; background-position: 50% 50%; background-repeat: no-repeat;"
      />
      <div
        class="absolute bottom-0 left-0 right-0 px-7.5 pb-3 text-white text-shadow-lg/30"
        data-slot="card-content"
      >
        <h3
          class="text-2xl font-bold"
        >
          Nairobi
        </h3>
        <p
          class="mt-1"
        >
          <span
            class="text-2xl"
          >
            23
          </span>
          <span
            class="text-sm"
          >
             Locations
          </span>
        </p>
      </div>
    </div>
  </a>
</div>
`;

exports[`LocationTile component should render correctly with default image 1`] = `
<div>
  <a
    href="/link"
  >
    <div
      class="text-card-foreground flex flex-col gap-6 hover:shadow-md w-full h-full relative cursor-pointer bg-muted overflow-hidden rounded-[3px] group p-0"
      data-slot="card"
    >
      <img
        alt="Nairobi"
        class="h-auto w-full object-cover rounded-[3px] transform transition-transform duration-300 ease-in-out group-hover:scale-105"
        data-nimg="fill"
        decoding="async"
        loading="lazy"
        sizes="(max-width: 768px) 100vw, (max-width: 1024px) 50vw, 33vw"
        src="/_next/image?url=%2Fimages%2Fempty-image.webp&w=3840&q=75"
        srcset="/_next/image?url=%2Fimages%2Fempty-image.webp&w=256&q=75 256w, /_next/image?url=%2Fimages%2Fempty-image.webp&w=384&q=75 384w, /_next/image?url=%2Fimages%2Fempty-image.webp&w=640&q=75 640w, /_next/image?url=%2Fimages%2Fempty-image.webp&w=750&q=75 750w, /_next/image?url=%2Fimages%2Fempty-image.webp&w=828&q=75 828w, /_next/image?url=%2Fimages%2Fempty-image.webp&w=1080&q=75 1080w, /_next/image?url=%2Fimages%2Fempty-image.webp&w=1200&q=75 1200w, /_next/image?url=%2Fimages%2Fempty-image.webp&w=1920&q=75 1920w, /_next/image?url=%2Fimages%2Fempty-image.webp&w=2048&q=75 2048w, /_next/image?url=%2Fimages%2Fempty-image.webp&w=3840&q=75 3840w"
        style="position: absolute; height: 100%; width: 100%; left: 0px; top: 0px; right: 0px; bottom: 0px; color: transparent; background-size: cover; background-position: 50% 50%; background-repeat: no-repeat;"
      />
      <div
        class="absolute bottom-0 left-0 right-0 px-7.5 pb-3 text-white text-shadow-lg/30"
        data-slot="card-content"
      >
        <h3
          class="text-2xl font-bold"
        >
          Nairobi
        </h3>
        <p
          class="mt-1"
        >
          <span
            class="text-2xl"
          >
            0
          </span>
          <span
            class="text-sm"
          >
             Locations
          </span>
        </p>
      </div>
    </div>
  </a>
</div>
`;

exports[`LocationTile component should render correctly with link 1`] = `
<div>
  <a
    href="/link"
  >
    <div
      class="text-card-foreground flex flex-col gap-6 hover:shadow-md w-full h-full relative cursor-pointer bg-muted overflow-hidden rounded-[3px] group p-0"
      data-slot="card"
    >
      <img
        alt="Nairobi"
        class="h-auto w-full object-cover rounded-[3px] transform transition-transform duration-300 ease-in-out group-hover:scale-105"
        data-nimg="fill"
        decoding="async"
        loading="lazy"
        sizes="(max-width: 768px) 100vw, (max-width: 1024px) 50vw, 33vw"
        src="/_next/image?url=https%3A%2F%2Fi.ibb.co%2FhxbHQJf8%2FRectangle.png&w=3840&q=75"
        srcset="/_next/image?url=https%3A%2F%2Fi.ibb.co%2FhxbHQJf8%2FRectangle.png&w=256&q=75 256w, /_next/image?url=https%3A%2F%2Fi.ibb.co%2FhxbHQJf8%2FRectangle.png&w=384&q=75 384w, /_next/image?url=https%3A%2F%2Fi.ibb.co%2FhxbHQJf8%2FRectangle.png&w=640&q=75 640w, /_next/image?url=https%3A%2F%2Fi.ibb.co%2FhxbHQJf8%2FRectangle.png&w=750&q=75 750w, /_next/image?url=https%3A%2F%2Fi.ibb.co%2FhxbHQJf8%2FRectangle.png&w=828&q=75 828w, /_next/image?url=https%3A%2F%2Fi.ibb.co%2FhxbHQJf8%2FRectangle.png&w=1080&q=75 1080w, /_next/image?url=https%3A%2F%2Fi.ibb.co%2FhxbHQJf8%2FRectangle.png&w=1200&q=75 1200w, /_next/image?url=https%3A%2F%2Fi.ibb.co%2FhxbHQJf8%2FRectangle.png&w=1920&q=75 1920w, /_next/image?url=https%3A%2F%2Fi.ibb.co%2FhxbHQJf8%2FRectangle.png&w=2048&q=75 2048w, /_next/image?url=https%3A%2F%2Fi.ibb.co%2FhxbHQJf8%2FRectangle.png&w=3840&q=75 3840w"
        style="position: absolute; height: 100%; width: 100%; left: 0px; top: 0px; right: 0px; bottom: 0px; color: transparent; background-size: cover; background-position: 50% 50%; background-repeat: no-repeat;"
      />
      <div
        class="absolute bottom-0 left-0 right-0 px-7.5 pb-3 text-white text-shadow-lg/30"
        data-slot="card-content"
      >
        <h3
          class="text-2xl font-bold"
        >
          Nairobi
        </h3>
        <p
          class="mt-1"
        >
          <span
            class="text-2xl"
          >
            0
          </span>
          <span
            class="text-sm"
          >
             Locations
          </span>
        </p>
      </div>
    </div>
  </a>
</div>
`;
