// Jest Snapshot v1, https://jestjs.io/docs/snapshot-testing

exports[`ServicesSection component should render correctly 1`] = `
<div>
  <section
    class="container mx-auto mt-35 px-5"
  >
    <h6
      class="text-sm font-bold text-ring mb-5"
    >
      SERVICES
    </h6>
    <h2
      class="text-3xl md:text-4xl lg:text-[70px] lg:leading-[80px]"
    >
      Camping Locations
      <br />
      /Activities
    </h2>
    <div
      class="w-full flex mb-7 mx-auto justify-center"
    >
      <div
        class="w-full mt-8 grid grid-cols-1 sm:grid-cols-2 md:grid-cols-3 gap-4"
      >
        <div
          class="rounded-[3px] max-h-120 overflow-hidden sm:col-span-2 md:col-span-2 aspect-[2/1]"
        >
          <a
            href="/nairobi"
          >
            <div
              class="text-card-foreground flex flex-col gap-6 hover:shadow-md w-full h-full relative cursor-pointer bg-muted overflow-hidden rounded-[3px] group p-0"
              data-slot="card"
            >
              <img
                alt="Nairobi"
                class="h-auto w-full object-cover rounded-[3px] transform transition-transform duration-300 ease-in-out group-hover:scale-105"
                data-nimg="fill"
                decoding="async"
                loading="lazy"
                sizes="100vw"
                src="/_next/image?url=https%3A%2F%2Fi.ibb.co%2FhxbHQJf8%2FRectangle.png&w=3840&q=75"
                srcset="/_next/image?url=https%3A%2F%2Fi.ibb.co%2FhxbHQJf8%2FRectangle.png&w=640&q=75 640w, /_next/image?url=https%3A%2F%2Fi.ibb.co%2FhxbHQJf8%2FRectangle.png&w=750&q=75 750w, /_next/image?url=https%3A%2F%2Fi.ibb.co%2FhxbHQJf8%2FRectangle.png&w=828&q=75 828w, /_next/image?url=https%3A%2F%2Fi.ibb.co%2FhxbHQJf8%2FRectangle.png&w=1080&q=75 1080w, /_next/image?url=https%3A%2F%2Fi.ibb.co%2FhxbHQJf8%2FRectangle.png&w=1200&q=75 1200w, /_next/image?url=https%3A%2F%2Fi.ibb.co%2FhxbHQJf8%2FRectangle.png&w=1920&q=75 1920w, /_next/image?url=https%3A%2F%2Fi.ibb.co%2FhxbHQJf8%2FRectangle.png&w=2048&q=75 2048w, /_next/image?url=https%3A%2F%2Fi.ibb.co%2FhxbHQJf8%2FRectangle.png&w=3840&q=75 3840w"
                style="position: absolute; height: 100%; width: 100%; left: 0px; top: 0px; right: 0px; bottom: 0px; color: transparent; background-size: cover; background-position: 50% 50%; background-repeat: no-repeat;"
              />
              <div
                class="absolute bottom-0 left-0 right-0 px-7.5 pb-3 text-white text-shadow-lg/30"
                data-slot="card-content"
              >
                <h3
                  class="text-2xl font-bold"
                >
                  Nairobi
                </h3>
                <p
                  class="mt-1"
                >
                  <span
                    class="text-2xl"
                  >
                    23
                  </span>
                  <span
                    class="text-sm"
                  >
                     Locations
                  </span>
                </p>
              </div>
            </div>
          </a>
        </div>
        <div
          class="rounded-[3px] max-h-120 overflow-hidden aspect-square"
        >
          <a
            href="/kisumu"
          >
            <div
              class="text-card-foreground flex flex-col gap-6 hover:shadow-md w-full h-full relative cursor-pointer bg-muted overflow-hidden rounded-[3px] group p-0"
              data-slot="card"
            >
              <img
                alt="Kisumu"
                class="h-auto w-full object-cover rounded-[3px] transform transition-transform duration-300 ease-in-out group-hover:scale-105"
                data-nimg="fill"
                decoding="async"
                loading="lazy"
                sizes="100vw"
                src="/_next/image?url=https%3A%2F%2Fi.ibb.co%2FB7QhHS9%2FRectangle-Copy-4.png&w=3840&q=75"
                srcset="/_next/image?url=https%3A%2F%2Fi.ibb.co%2FB7QhHS9%2FRectangle-Copy-4.png&w=640&q=75 640w, /_next/image?url=https%3A%2F%2Fi.ibb.co%2FB7QhHS9%2FRectangle-Copy-4.png&w=750&q=75 750w, /_next/image?url=https%3A%2F%2Fi.ibb.co%2FB7QhHS9%2FRectangle-Copy-4.png&w=828&q=75 828w, /_next/image?url=https%3A%2F%2Fi.ibb.co%2FB7QhHS9%2FRectangle-Copy-4.png&w=1080&q=75 1080w, /_next/image?url=https%3A%2F%2Fi.ibb.co%2FB7QhHS9%2FRectangle-Copy-4.png&w=1200&q=75 1200w, /_next/image?url=https%3A%2F%2Fi.ibb.co%2FB7QhHS9%2FRectangle-Copy-4.png&w=1920&q=75 1920w, /_next/image?url=https%3A%2F%2Fi.ibb.co%2FB7QhHS9%2FRectangle-Copy-4.png&w=2048&q=75 2048w, /_next/image?url=https%3A%2F%2Fi.ibb.co%2FB7QhHS9%2FRectangle-Copy-4.png&w=3840&q=75 3840w"
                style="position: absolute; height: 100%; width: 100%; left: 0px; top: 0px; right: 0px; bottom: 0px; color: transparent; background-size: cover; background-position: 50% 50%; background-repeat: no-repeat;"
              />
              <div
                class="absolute bottom-0 left-0 right-0 px-7.5 pb-3 text-white text-shadow-lg/30"
                data-slot="card-content"
              >
                <h3
                  class="text-2xl font-bold"
                >
                  Kisumu
                </h3>
                <p
                  class="mt-1"
                >
                  <span
                    class="text-2xl"
                  >
                    23
                  </span>
                  <span
                    class="text-sm"
                  >
                     Locations
                  </span>
                </p>
              </div>
            </div>
          </a>
        </div>
        <div
          class="rounded-[3px] max-h-120 overflow-hidden aspect-square"
        >
          <a
            href="/bungee-jumping"
          >
            <div
              class="text-card-foreground flex flex-col gap-6 hover:shadow-md w-full h-full relative cursor-pointer bg-muted overflow-hidden rounded-[3px] group p-0"
              data-slot="card"
            >
              <img
                alt="Bungee Jumping"
                class="h-auto w-full object-cover rounded-[3px] transform transition-transform duration-300 ease-in-out group-hover:scale-105"
                data-nimg="fill"
                decoding="async"
                loading="lazy"
                sizes="100vw"
                src="/_next/image?url=https%3A%2F%2Fi.ibb.co%2FM56kRhGM%2FRectangle-Copy-3.png&w=3840&q=75"
                srcset="/_next/image?url=https%3A%2F%2Fi.ibb.co%2FM56kRhGM%2FRectangle-Copy-3.png&w=640&q=75 640w, /_next/image?url=https%3A%2F%2Fi.ibb.co%2FM56kRhGM%2FRectangle-Copy-3.png&w=750&q=75 750w, /_next/image?url=https%3A%2F%2Fi.ibb.co%2FM56kRhGM%2FRectangle-Copy-3.png&w=828&q=75 828w, /_next/image?url=https%3A%2F%2Fi.ibb.co%2FM56kRhGM%2FRectangle-Copy-3.png&w=1080&q=75 1080w, /_next/image?url=https%3A%2F%2Fi.ibb.co%2FM56kRhGM%2FRectangle-Copy-3.png&w=1200&q=75 1200w, /_next/image?url=https%3A%2F%2Fi.ibb.co%2FM56kRhGM%2FRectangle-Copy-3.png&w=1920&q=75 1920w, /_next/image?url=https%3A%2F%2Fi.ibb.co%2FM56kRhGM%2FRectangle-Copy-3.png&w=2048&q=75 2048w, /_next/image?url=https%3A%2F%2Fi.ibb.co%2FM56kRhGM%2FRectangle-Copy-3.png&w=3840&q=75 3840w"
                style="position: absolute; height: 100%; width: 100%; left: 0px; top: 0px; right: 0px; bottom: 0px; color: transparent; background-size: cover; background-position: 50% 50%; background-repeat: no-repeat;"
              />
              <div
                class="absolute bottom-0 left-0 right-0 px-7.5 pb-3 text-white text-shadow-lg/30"
                data-slot="card-content"
              >
                <h3
                  class="text-2xl font-bold"
                >
                  Bungee Jumping
                </h3>
                <p
                  class="mt-1"
                >
                  <span
                    class="text-2xl"
                  >
                    23
                  </span>
                  <span
                    class="text-sm"
                  >
                     Locations
                  </span>
                </p>
              </div>
            </div>
          </a>
        </div>
        <div
          class="rounded-[3px] max-h-120 overflow-hidden aspect-square"
        >
          <a
            href="/coffee-tasting"
          >
            <div
              class="text-card-foreground flex flex-col gap-6 hover:shadow-md w-full h-full relative cursor-pointer bg-muted overflow-hidden rounded-[3px] group p-0"
              data-slot="card"
            >
              <img
                alt="Coffee Tasting"
                class="h-auto w-full object-cover rounded-[3px] transform transition-transform duration-300 ease-in-out group-hover:scale-105"
                data-nimg="fill"
                decoding="async"
                loading="lazy"
                sizes="100vw"
                src="/_next/image?url=https%3A%2F%2Fi.ibb.co%2F817d0wL%2FRectangle-Copy-5.png&w=3840&q=75"
                srcset="/_next/image?url=https%3A%2F%2Fi.ibb.co%2F817d0wL%2FRectangle-Copy-5.png&w=640&q=75 640w, /_next/image?url=https%3A%2F%2Fi.ibb.co%2F817d0wL%2FRectangle-Copy-5.png&w=750&q=75 750w, /_next/image?url=https%3A%2F%2Fi.ibb.co%2F817d0wL%2FRectangle-Copy-5.png&w=828&q=75 828w, /_next/image?url=https%3A%2F%2Fi.ibb.co%2F817d0wL%2FRectangle-Copy-5.png&w=1080&q=75 1080w, /_next/image?url=https%3A%2F%2Fi.ibb.co%2F817d0wL%2FRectangle-Copy-5.png&w=1200&q=75 1200w, /_next/image?url=https%3A%2F%2Fi.ibb.co%2F817d0wL%2FRectangle-Copy-5.png&w=1920&q=75 1920w, /_next/image?url=https%3A%2F%2Fi.ibb.co%2F817d0wL%2FRectangle-Copy-5.png&w=2048&q=75 2048w, /_next/image?url=https%3A%2F%2Fi.ibb.co%2F817d0wL%2FRectangle-Copy-5.png&w=3840&q=75 3840w"
                style="position: absolute; height: 100%; width: 100%; left: 0px; top: 0px; right: 0px; bottom: 0px; color: transparent; background-size: cover; background-position: 50% 50%; background-repeat: no-repeat;"
              />
              <div
                class="absolute bottom-0 left-0 right-0 px-7.5 pb-3 text-white text-shadow-lg/30"
                data-slot="card-content"
              >
                <h3
                  class="text-2xl font-bold"
                >
                  Coffee Tasting
                </h3>
                <p
                  class="mt-1"
                >
                  <span
                    class="text-2xl"
                  >
                    23
                  </span>
                  <span
                    class="text-sm"
                  >
                     Locations
                  </span>
                </p>
              </div>
            </div>
          </a>
        </div>
        <div
          class="rounded-[3px] max-h-120 overflow-hidden aspect-square"
        >
          <a
            href="/culture-walk"
          >
            <div
              class="text-card-foreground flex flex-col gap-6 hover:shadow-md w-full h-full relative cursor-pointer bg-muted overflow-hidden rounded-[3px] group p-0"
              data-slot="card"
            >
              <img
                alt="Culture Walk"
                class="h-auto w-full object-cover rounded-[3px] transform transition-transform duration-300 ease-in-out group-hover:scale-105"
                data-nimg="fill"
                decoding="async"
                loading="lazy"
                sizes="100vw"
                src="/_next/image?url=https%3A%2F%2Fi.ibb.co%2FZ6JhM42D%2FRectangle-Copy-6.png&w=3840&q=75"
                srcset="/_next/image?url=https%3A%2F%2Fi.ibb.co%2FZ6JhM42D%2FRectangle-Copy-6.png&w=640&q=75 640w, /_next/image?url=https%3A%2F%2Fi.ibb.co%2FZ6JhM42D%2FRectangle-Copy-6.png&w=750&q=75 750w, /_next/image?url=https%3A%2F%2Fi.ibb.co%2FZ6JhM42D%2FRectangle-Copy-6.png&w=828&q=75 828w, /_next/image?url=https%3A%2F%2Fi.ibb.co%2FZ6JhM42D%2FRectangle-Copy-6.png&w=1080&q=75 1080w, /_next/image?url=https%3A%2F%2Fi.ibb.co%2FZ6JhM42D%2FRectangle-Copy-6.png&w=1200&q=75 1200w, /_next/image?url=https%3A%2F%2Fi.ibb.co%2FZ6JhM42D%2FRectangle-Copy-6.png&w=1920&q=75 1920w, /_next/image?url=https%3A%2F%2Fi.ibb.co%2FZ6JhM42D%2FRectangle-Copy-6.png&w=2048&q=75 2048w, /_next/image?url=https%3A%2F%2Fi.ibb.co%2FZ6JhM42D%2FRectangle-Copy-6.png&w=3840&q=75 3840w"
                style="position: absolute; height: 100%; width: 100%; left: 0px; top: 0px; right: 0px; bottom: 0px; color: transparent; background-size: cover; background-position: 50% 50%; background-repeat: no-repeat;"
              />
              <div
                class="absolute bottom-0 left-0 right-0 px-7.5 pb-3 text-white text-shadow-lg/30"
                data-slot="card-content"
              >
                <h3
                  class="text-2xl font-bold"
                >
                  Culture Walk
                </h3>
                <p
                  class="mt-1"
                >
                  <span
                    class="text-2xl"
                  >
                    23
                  </span>
                  <span
                    class="text-sm"
                  >
                     Locations
                  </span>
                </p>
              </div>
            </div>
          </a>
        </div>
      </div>
    </div>
    <p
      class="mt-25 md:w-1/2 text-2xl"
    >
      We create awesome experiences by showcasing some of the best places and activities in the country
    </p>
  </section>
</div>
`;
